
> marketplace-kh-client@0.1.0 build
> tsc && vite build

