  console.error
    Error: Uncaught [TypeError: messagesEndRef.current?.scrollIntoView is not a function]
        at reportException (D:\KH-Product\client\node_modules\jsdom\lib\jsdom\living\helpers\runtime-script-errors.js:66:24)
        at innerInvokeEventListeners (D:\KH-Product\client\node_modules\jsdom\lib\jsdom\living\events\EventTarget-impl.js:353:9)
        at invokeEventListeners (D:\KH-Product\client\node_modules\jsdom\lib\jsdom\living\events\EventTarget-impl.js:286:3)
        at HTMLUnknownElementImpl._dispatch (D:\KH-Product\client\node_modules\jsdom\lib\jsdom\living\events\EventTarget-impl.js:233:9)
        at HTMLUnknownElementImpl.dispatchEvent (D:\KH-Product\client\node_modules\jsdom\lib\jsdom\living\events\EventTarget-impl.js:104:17)
        at HTMLUnknownElement.dispatchEvent (D:\KH-Product\client\node_modules\jsdom\lib\jsdom\living\generated\EventTarget.js:241:34)
        at Object.invokeGuardedCallbackDev (D:\KH-Product\client\node_modules\react-dom\cjs\react-dom.development.js:4213:16)
        at invokeGuardedCallback (D:\KH-Product\client\node_modules\react-dom\cjs\react-dom.development.js:4277:31)
        at reportUncaughtErrorInDEV (D:\KH-Product\client\node_modules\react-dom\cjs\react-dom.development.js:22877:5)
        at captureCommitPhaseError (D:\KH-Product\client\node_modules\react-dom\cjs\react-dom.development.js:27165:5)
        at commitPassiveMountEffects_complete (D:\KH-Product\client\node_modules\react-dom\cjs\react-dom.development.js:24932:9)
        at commitPassiveMountEffects_begin (D:\KH-Product\client\node_modules\react-dom\cjs\react-dom.development.js:24917:7)
        at commitPassiveMountEffects (D:\KH-Product\client\node_modules\react-dom\cjs\react-dom.development.js:24905:3)
        at flushPassiveEffectsImpl (D:\KH-Product\client\node_modules\react-dom\cjs\react-dom.development.js:27078:3)
        at flushPassiveEffects (D:\KH-Product\client\node_modules\react-dom\cjs\react-dom.development.js:27023:14)
        at D:\KH-Product\client\node_modules\react-dom\cjs\react-dom.development.js:26808:9
        at flushActQueue (D:\KH-Product\client\node_modules\react\cjs\react.development.js:2667:24)
        at act (D:\KH-Product\client\node_modules\react\cjs\react.development.js:2582:11)
        at D:\KH-Product\client\node_modules\@testing-library\react\dist\act-compat.js:47:25
        at renderRoot (D:\KH-Product\client\node_modules\@testing-library\react\dist\pure.js:180:26)
        at render (D:\KH-Product\client\node_modules\@testing-library\react\dist\pure.js:271:10)
        at renderChatPage (D:\KH-Product\client\src\__tests__\ChatPage.test.tsx:58:9)
        at Object.<anonymous> (D:\KH-Product\client\src\__tests__\ChatPage.test.tsx:103:11)
        at Promise.then.completed (D:\KH-Product\client\node_modules\jest-circus\build\utils.js:298:28)
        at new Promise (<anonymous>)
        at callAsyncCircusFn (D:\KH-Product\client\node_modules\jest-circus\build\utils.js:231:10)
        at _callCircusTest (D:\KH-Product\client\node_modules\jest-circus\build\run.js:316:40)
        at _runTest (D:\KH-Product\client\node_modules\jest-circus\build\run.js:252:3)
        at _runTestsForDescribeBlock (D:\KH-Product\client\node_modules\jest-circus\build\run.js:126:9)
        at _runTestsForDescribeBlock (D:\KH-Product\client\node_modules\jest-circus\build\run.js:121:9)
        at run (D:\KH-Product\client\node_modules\jest-circus\build\run.js:71:3)
        at runAndTransformResultsToJestFormat (D:\KH-Product\client\node_modules\jest-circus\build\legacy-code-todo-rewrite\jestAdapterInit.js:122:21)
        at jestAdapter (D:\KH-Product\client\node_modules\jest-circus\build\legacy-code-todo-rewrite\jestAdapter.js:79:19)
        at runTestInternal (D:\KH-Product\client\node_modules\jest-runner\build\runTest.js:367:16)
        at runTest (D:\KH-Product\client\node_modules\jest-runner\build\runTest.js:444:34) {
      detail: TypeError: messagesEndRef.current?.scrollIntoView is not a function
          at D:\KH-Product\client\src\pages\ChatPage.tsx:171:29
          at commitHookEffectListMount (D:\KH-Product\client\node_modules\react-dom\cjs\react-dom.development.js:23189:26)
          at commitPassiveMountOnFiber (D:\KH-Product\client\node_modules\react-dom\cjs\react-dom.development.js:24970:11)
          at commitPassiveMountEffects_complete (D:\KH-Product\client\node_modules\react-dom\cjs\react-dom.development.js:24930:9)
          at commitPassiveMountEffects_begin (D:\KH-Product\client\node_modules\react-dom\cjs\react-dom.development.js:24917:7)
          at commitPassiveMountEffects (D:\KH-Product\client\node_modules\react-dom\cjs\react-dom.development.js:24905:3)
          at flushPassiveEffectsImpl (D:\KH-Product\client\node_modules\react-dom\cjs\react-dom.development.js:27078:3)
          at flushPassiveEffects (D:\KH-Product\client\node_modules\react-dom\cjs\react-dom.development.js:27023:14)
          at D:\KH-Product\client\node_modules\react-dom\cjs\react-dom.development.js:26808:9
          at flushActQueue (D:\KH-Product\client\node_modules\react\cjs\react.development.js:2667:24)
          at act (D:\KH-Product\client\node_modules\react\cjs\react.development.js:2582:11)
          at D:\KH-Product\client\node_modules\@testing-library\react\dist\act-compat.js:47:25
          at renderRoot (D:\KH-Product\client\node_modules\@testing-library\react\dist\pure.js:180:26)
          at render (D:\KH-Product\client\node_modules\@testing-library\react\dist\pure.js:271:10)
          at renderChatPage (D:\KH-Product\client\src\__tests__\ChatPage.test.tsx:58:9)
          at Object.<anonymous> (D:\KH-Product\client\src\__tests__\ChatPage.test.tsx:103:11)
          at Promise.then.completed (D:\KH-Product\client\node_modules\jest-circus\build\utils.js:298:28)
          at new Promise (<anonymous>)
          at callAsyncCircusFn (D:\KH-Product\client\node_modules\jest-circus\build\utils.js:231:10)
          at _callCircusTest (D:\KH-Product\client\node_modules\jest-circus\build\run.js:316:40)
          at _runTest (D:\KH-Product\client\node_modules\jest-circus\build\run.js:252:3)
          at _runTestsForDescribeBlock (D:\KH-Product\client\node_modules\jest-circus\build\run.js:126:9)
          at _runTestsForDescribeBlock (D:\KH-Product\client\node_modules\jest-circus\build\run.js:121:9)
          at run (D:\KH-Product\client\node_modules\jest-circus\build\run.js:71:3)
          at runAndTransformResultsToJestFormat (D:\KH-Product\client\node_modules\jest-circus\build\legacy-code-todo-rewrite\jestAdapterInit.js:122:21)
          at jestAdapter (D:\KH-Product\client\node_modules\jest-circus\build\legacy-code-todo-rewrite\jestAdapter.js:79:19)
          at runTestInternal (D:\KH-Product\client\node_modules\jest-runner\build\runTest.js:367:16)
          at runTest (D:\KH-Product\client\node_modules\jest-runner\build\runTest.js:444:34),
      type: 'unhandled exception'
    }

    [0m [90m 56 |[39m
     [90m 57 |[39m [36mconst[39m renderChatPage [33m=[39m [36masync[39m () [33m=>[39m {
    [31m[1m>[22m[39m[90m 58 |[39m   render(
     [90m    |[39m         [31m[1m^[22m[39m
     [90m 59 |[39m     [33m<[39m[33mMemoryRouter[39m initialEntries[33m=[39m{[[32m'/messages/chat1'[39m]}[33m>[39m
     [90m 60 |[39m       [33m<[39m[33mRoutes[39m[33m>[39m
     [90m 61 |[39m         [33m<[39m[33mRoute[39m path[33m=[39m[32m"/messages/:id"[39m element[33m=[39m{[33m<[39m[33mChatPage[39m [35m/>} /[39m[33m>[39m[0m

      at VirtualConsole.<anonymous> (node_modules/jest-environment-jsdom/build/index.js:63:23)
      at reportException (node_modules/jsdom/lib/jsdom/living/helpers/runtime-script-errors.js:70:28)
      at innerInvokeEventListeners (node_modules/jsdom/lib/jsdom/living/events/EventTarget-impl.js:353:9)
      at invokeEventListeners (node_modules/jsdom/lib/jsdom/living/events/EventTarget-impl.js:286:3)
      at HTMLUnknownElementImpl._dispatch (node_modules/jsdom/lib/jsdom/living/events/EventTarget-impl.js:233:9)
      at HTMLUnknownElementImpl.dispatchEvent (node_modules/jsdom/lib/jsdom/living/events/EventTarget-impl.js:104:17)
      at HTMLUnknownElement.dispatchEvent (node_modules/jsdom/lib/jsdom/living/generated/EventTarget.js:241:34)
      at Object.invokeGuardedCallbackDev (node_modules/react-dom/cjs/react-dom.development.js:4213:16)
      at invokeGuardedCallback (node_modules/react-dom/cjs/react-dom.development.js:4277:31)
      at reportUncaughtErrorInDEV (node_modules/react-dom/cjs/react-dom.development.js:22877:5)
      at captureCommitPhaseError (node_modules/react-dom/cjs/react-dom.development.js:27165:5)
      at commitPassiveMountEffects_complete (node_modules/react-dom/cjs/react-dom.development.js:24932:9)
      at commitPassiveMountEffects_begin (node_modules/react-dom/cjs/react-dom.development.js:24917:7)
      at commitPassiveMountEffects (node_modules/react-dom/cjs/react-dom.development.js:24905:3)
      at flushPassiveEffectsImpl (node_modules/react-dom/cjs/react-dom.development.js:27078:3)
      at flushPassiveEffects (node_modules/react-dom/cjs/react-dom.development.js:27023:14)
      at node_modules/react-dom/cjs/react-dom.development.js:26808:9
      at flushActQueue (node_modules/react/cjs/react.development.js:2667:24)
      at act (node_modules/react/cjs/react.development.js:2582:11)
      at node_modules/@testing-library/react/dist/act-compat.js:47:25
      at renderRoot (node_modules/@testing-library/react/dist/pure.js:180:26)
      at render (node_modules/@testing-library/react/dist/pure.js:271:10)
      at renderChatPage (src/__tests__/ChatPage.test.tsx:58:9)
      at Object.<anonymous> (src/__tests__/ChatPage.test.tsx:103:11)

  console.error
    The above error occurred in the <ChatPage> component:
    
        at ChatPage (D:\KH-Product\client\src\pages\ChatPage.tsx:29:37)
        at routeContext (D:\KH-Product\client\node_modules\react-router\lib\hooks.tsx:658:26)
        at children (D:\KH-Product\client\node_modules\react-router\lib\components.tsx:512:3)
        at basenameProp (D:\KH-Product\client\node_modules\react-router\lib\components.tsx:421:13)
        at basename (D:\KH-Product\client\node_modules\react-router\lib\components.tsx:225:3)
    
    Consider adding an error boundary to your tree to customize error handling behavior.
    Visit https://reactjs.org/link/error-boundaries to learn more about error boundaries.

    [0m [90m 56 |[39m
     [90m 57 |[39m [36mconst[39m renderChatPage [33m=[39m [36masync[39m () [33m=>[39m {
    [31m[1m>[22m[39m[90m 58 |[39m   render(
     [90m    |[39m         [31m[1m^[22m[39m
     [90m 59 |[39m     [33m<[39m[33mMemoryRouter[39m initialEntries[33m=[39m{[[32m'/messages/chat1'[39m]}[33m>[39m
     [90m 60 |[39m       [33m<[39m[33mRoutes[39m[33m>[39m
     [90m 61 |[39m         [33m<[39m[33mRoute[39m path[33m=[39m[32m"/messages/:id"[39m element[33m=[39m{[33m<[39m[33mChatPage[39m [35m/>} /[39m[33m>[39m[0m

      at logCapturedError (node_modules/react-dom/cjs/react-dom.development.js:18704:23)
      at update.callback (node_modules/react-dom/cjs/react-dom.development.js:18737:5)
      at callCallback (node_modules/react-dom/cjs/react-dom.development.js:15036:12)
      at commitUpdateQueue (node_modules/react-dom/cjs/react-dom.development.js:15057:9)
      at commitLayoutEffectOnFiber (node_modules/react-dom/cjs/react-dom.development.js:23430:13)
      at commitLayoutMountEffects_complete (node_modules/react-dom/cjs/react-dom.development.js:24727:9)
      at commitLayoutEffects_begin (node_modules/react-dom/cjs/react-dom.development.js:24713:7)
      at commitLayoutEffects (node_modules/react-dom/cjs/react-dom.development.js:24651:3)
      at commitRootImpl (node_modules/react-dom/cjs/react-dom.development.js:26862:5)
      at commitRoot (node_modules/react-dom/cjs/react-dom.development.js:26721:5)
      at performSyncWorkOnRoot (node_modules/react-dom/cjs/react-dom.development.js:26156:3)
      at flushSyncCallbacks (node_modules/react-dom/cjs/react-dom.development.js:12042:22)
      at flushPassiveEffectsImpl (node_modules/react-dom/cjs/react-dom.development.js:27099:3)
      at flushPassiveEffects (node_modules/react-dom/cjs/react-dom.development.js:27023:14)
      at node_modules/react-dom/cjs/react-dom.development.js:26808:9
      at flushActQueue (node_modules/react/cjs/react.development.js:2667:24)
      at act (node_modules/react/cjs/react.development.js:2582:11)
      at node_modules/@testing-library/react/dist/act-compat.js:47:25
      at renderRoot (node_modules/@testing-library/react/dist/pure.js:180:26)
      at render (node_modules/@testing-library/react/dist/pure.js:271:10)
      at renderChatPage (src/__tests__/ChatPage.test.tsx:58:9)
      at Object.<anonymous> (src/__tests__/ChatPage.test.tsx:103:11)

node.exe : FAIL src/__tests__/ChatPage.test.tsx (7.541 s)
At line:1 char:1
+ & "C:\Program Files\nodejs/node.exe" "C:\Program Files\nodejs/node_mo ...
+ ~~~~~~~~~~~~~~~~~~~~~~~~~~~~~~~~~~~~~~~~~~~~~~~~~~~~~~~~~~~~~~~~~~~~~
    + CategoryInfo          : NotSpecified: (FAIL src/__test...t.tsx (7.541 s) 
   :String) [], RemoteException
    + FullyQualifiedErrorId : NativeCommandError
 
  ChatPage message handling
    ├ù does not duplicate messages when the same message is received twice 
(437 ms)

  ΓùÅ ChatPage message handling ΓÇ║ does not duplicate messages when the same 
message is received twice

    TypeError: messagesEndRef.current?.scrollIntoView is not a function

    [0m [90m 169 |[39m
     [90m 170 |[39m   useEffect(() [33m=>[39m {
    [31m[1m>[22m[39m[90m 171 |[39m     
messagesEndRef[33m.[39mcurrent[33m?[39m[33m.[39mscrollIntoView({ 
behavior[33m:[39m [32m'smooth'[39m })[33m;[39m
     [90m     |[39m                             [31m[1m^[22m[39m
     [90m 172 |[39m   }[33m,[39m [messages])[33m;[39m
     [90m 173 |[39m
     [90m 174 |[39m   [36mconst[39m handleSelectChat [33m=[39m 
(chatId[33m:[39m string) [33m=>[39m {[0m

      at src/pages/ChatPage.tsx:171:29
      at commitHookEffectListMount 
(node_modules/react-dom/cjs/react-dom.development.js:23189:26)
      at commitPassiveMountOnFiber 
(node_modules/react-dom/cjs/react-dom.development.js:24970:11)
      at commitPassiveMountEffects_complete 
(node_modules/react-dom/cjs/react-dom.development.js:24930:9)
      at commitPassiveMountEffects_begin 
(node_modules/react-dom/cjs/react-dom.development.js:24917:7)
      at commitPassiveMountEffects 
(node_modules/react-dom/cjs/react-dom.development.js:24905:3)
      at flushPassiveEffectsImpl 
(node_modules/react-dom/cjs/react-dom.development.js:27078:3)
      at flushPassiveEffects 
(node_modules/react-dom/cjs/react-dom.development.js:27023:14)
      at node_modules/react-dom/cjs/react-dom.development.js:26808:9
      at flushActQueue (node_modules/react/cjs/react.development.js:2667:24)
      at act (node_modules/react/cjs/react.development.js:2582:11)
      at node_modules/@testing-library/react/dist/act-compat.js:47:25
      at renderRoot (node_modules/@testing-library/react/dist/pure.js:180:26)
      at render (node_modules/@testing-library/react/dist/pure.js:271:10)
      at renderChatPage (src/__tests__/ChatPage.test.tsx:58:9)
      at Object.<anonymous> (src/__tests__/ChatPage.test.tsx:103:11)

---------------------------|---------|----------|---------|---------|-----------------------------------------
File                       | % Stmts | % Branch | % Funcs | % Lines | Uncovered Line #s                       
---------------------------|---------|----------|---------|---------|-----------------------------------------
All files                  |    1.71 |     5.26 |    4.44 |    1.71 |                                         
 components                |       0 |        0 |       0 |       0 |                                         
  ErrorBoundary.tsx        |       0 |        0 |       0 |       0 | 1-56                                    
  SEO.tsx                  |       0 |        0 |       0 |       0 | 1-64                                    
 components/layout         |       0 |        0 |       0 |       0 |                                         
  AdminLayout.tsx          |       0 |        0 |       0 |       0 | 1-61                                    
  AppShell.tsx             |       0 |        0 |       0 |       0 | 1-19                                    
  Footer.tsx               |       0 |        0 |       0 |       0 | 1-103                                   
  Header.tsx               |       0 |        0 |       0 |       0 | 1-304                                   
 components/marketplace    |       0 |        0 |       0 |       0 |                                         
  CategoriesGrid.tsx       |       0 |        0 |       0 |       0 | 1-100                                   
  FeaturedSection.tsx      |       0 |        0 |       0 |       0 | 1-75                                    
  ProductCard.tsx          |       0 |        0 |       0 |       0 | 1-141                                   
  SearchBar.tsx            |       0 |        0 |       0 |       0 | 1-312                                   
  SellerContactCard.tsx    |       0 |        0 |       0 |       0 | 1-94                                    
  TopAdBanner.tsx          |       0 |        0 |       0 |       0 | 1-93                                    
 pages                     |       0 |        0 |       0 |       0 |                                         
  AdminDashboardPage.tsx   |       0 |        0 |       0 |       0 | 1-710                                   
  HomePage.tsx             |       0 |        0 |       0 |       0 | 1-330                                   
  ProductDetailPage.tsx    |       0 |        0 |       0 |       0 | 1-626                                   
  ProductListPage.tsx      |       0 |        0 |       0 |       0 | 1-132                                   
 services                  |     7.7 |     9.09 |    6.89 |     7.7 |                                         
  admin.api.ts             |       0 |        0 |       0 |       0 | 1-56                                    
  api.ts                   |   57.14 |    33.33 |      25 |   57.14 | 31,40-41,46-49,52-56,59-63,67-82,90-101 
  auth.api.ts              |       0 |        0 |       0 |       0 | 1-223                                   
  banner.api.ts            |       0 |        0 |       0 |       0 | 1-8                                     
  chat.api.ts              |    42.3 |      100 |       0 |    42.3 | 4-6,9-11,14-16,19-21,24-26              
  favorites.api.ts         |       0 |        0 |       0 |       0 | 1-31                                    
  location.api.ts          |       0 |        0 |       0 |       0 | 1-25                                    
  notification.api.ts      |       0 |        0 |       0 |       0 | 1-16                                    
  product.api.ts           |       0 |        0 |       0 |       0 | 1-58                                    
  promotion.api.ts         |       0 |        0 |       0 |       0 | 1-83                                    
  report.api.ts            |       0 |        0 |       0 |       0 | 1-18                                    
  revenue.api.ts           |       0 |        0 |       0 |       0 | 1-26                                    
  review.api.ts            |       0 |        0 |       0 |       0 | 1-52                                    
  seller-analytics.api.ts  |       0 |        0 |       0 |       0 | 1-46                                    
  socket.ts                |       0 |        0 |       0 |       0 | 1-65                                    
  traffic-analytics.api.ts |       0 |        0 |       0 |       0 | 1-50                                    
  upload.api.ts            |       0 |        0 |       0 |       0 | 1-23                                    
  user.api.ts              |       0 |        0 |       0 |       0 | 1-11                                    
---------------------------|---------|----------|---------|---------|-----------------------------------------
Jest: "global" coverage threshold for statements (80%) not met: 1.71%
Jest: "global" coverage threshold for branches (80%) not met: 5.26%
Jest: "global" coverage threshold for lines (80%) not met: 1.71%
Jest: "global" coverage threshold for functions (80%) not met: 4.44%
Test Suites: 1 failed, 1 total
Tests:       1 failed, 1 total
Snapshots:   0 total
Time:        11.923 s
Ran all test suites matching /src\\__tests__\\ChatPage.test.tsx/i.
